Microsoft (R) Macro Assembler Version 14.28.29915.0	    05/26/21 18:48:27
MisFunciones.asm					     Page 1 - 1


					.386
					.MODEL flat, C

					.STACK 2560

 00000000				.DATA

 00000000				.CODE

				; int Suma(int a, int b)
 00000000			Suma PROC, a:DWORD, b:DWORD
 00000003  8B 45 08			MOV EAX, [a]
 00000006  03 45 0C			ADD EAX, [b]
					RET
 0000000B			Suma ENDP

 0000000B			BuscarCaracter PROC, pCad:DWORD, caracter:BYTE
					;las agerga el compilador
					;PUSH EBP				; guardar en la pila 
					;MOV EBP, ESP			; todos los registros utilizados
 0000000E  51				PUSH ECX				; agregando registro a la pila.
 0000000F  53				PUSH EBX
 00000010  56				PUSH ESI
 00000011  B9 00000000			MOV ECX, 0				; i = 0, contador ECX
 00000016  BB FFFFFFFF			MOV EBX, -1				; ind = -1 EBX
 0000001B  8B 75 08			MOV ESI, [pCad]			; p = pCad - ESI <-- pCad
 0000001E			Ini_For:			
 0000001E  8A 06			MOV AL, [ESI]			; AL <-- *ESI[cont] 
 00000020  3C 00			CMP AL, 0				; AL <-- 0  => z = 1 si AL <-- 0 == 0, z=0 si AL <-- 0 /= 0
 00000022  74 0D			JE Fin_For
 00000024  3A 45 0C			CMP AL, [caracter]		; AL <-- Adr(c) => 0 -> z = 1, /= 0 z = 0
 00000027  75 04			JNE Fin_if				
 00000029  8B D9			MOV EBX, ECX			; ind <-- i
 0000002B  EB 04			JMP Fin_For				; brack
 0000002D			Fin_if:
 0000002D  41				INC ECX
 0000002E  46				INC ESI
 0000002F  EB ED			JMP Ini_For
 00000031			Fin_For:
 00000031  8B C3			MOV EAX, EBX			; retun ind
 00000033  5E				POP ESI					; Restaurar el estado 
 00000034  5B				POP EBX					; de los registros
 00000035  59				POP ECX					; utilizados.
					;POP EBP				; LEAVE - lo agrega el compilador.
					RET	
 00000038			BuscarCaracter ENDP

					END
Microsoft (R) Macro Assembler Version 14.28.29915.0	    05/26/21 18:48:27
MisFunciones.asm					     Symbols 2 - 1




Segments and Groups:

                N a m e                 Size     Length   Align   Combine Class

FLAT . . . . . . . . . . . . . .	GROUP
STACK  . . . . . . . . . . . . .	32 Bit	 00000A00 DWord	  Stack	  'STACK'	 
_DATA  . . . . . . . . . . . . .	32 Bit	 00000000 DWord	  Public  'DATA'	
_TEXT  . . . . . . . . . . . . .	32 Bit	 00000038 DWord	  Public  'CODE'	


Procedures, parameters, and locals:

                N a m e                 Type     Value    Attr

BuscarCaracter . . . . . . . . .	P Near	 0000000B _TEXT	Length= 0000002D Public C
  pCad . . . . . . . . . . . . .	DWord	 bp + 00000008
  caracter . . . . . . . . . . .	Byte	 bp + 0000000C
  Ini_For  . . . . . . . . . . .	L Near	 0000001E _TEXT	
  Fin_if . . . . . . . . . . . .	L Near	 0000002D _TEXT	
  Fin_For  . . . . . . . . . . .	L Near	 00000031 _TEXT	
Suma . . . . . . . . . . . . . .	P Near	 00000000 _TEXT	Length= 0000000B Public C
  a  . . . . . . . . . . . . . .	DWord	 bp + 00000008
  b  . . . . . . . . . . . . . .	DWord	 bp + 0000000C


Symbols:

                N a m e                 Type     Value    Attr

@CodeSize  . . . . . . . . . . .	Number	 00000000h   
@DataSize  . . . . . . . . . . .	Number	 00000000h   
@Interface . . . . . . . . . . .	Number	 00000001h   
@Model . . . . . . . . . . . . .	Number	 00000007h   
@code  . . . . . . . . . . . . .	Text   	 _TEXT
@data  . . . . . . . . . . . . .	Text   	 FLAT
@fardata?  . . . . . . . . . . .	Text   	 FLAT
@fardata . . . . . . . . . . . .	Text   	 FLAT
@stack . . . . . . . . . . . . .	Text   	 FLAT

	   0 Warnings
	   0 Errors
